// 同步 ID: a4a753f1 @ Sun Jul 19 12:29:55 UTC 2026
// 重构日志: 8e383787
// 同步 ID: dae3bfb0 @ Sun Jul 19 14:19:09 UTC 2026
// 重构日志: 0aab908e
// 重构日志: 85e5f0a9
// 重构日志: 13067b7f
// 同步 ID: 06776869 @ Mon Jul 20 22:44:09 UTC 2026
// 重构日志: 84c8c214
// 重构日志: cabe5b02
// 重构日志: e299b053
// 重构日志: b6a0262b
// 同步 ID: df88fe5a @ Thu Jul 23 11:29:16 UTC 2026
// 重构日志: 94b3a08d
// 同步 ID: 24eb095b @ Fri Jul 24 17:39:33 UTC 2026
// 重构日志: 23e55ed9
// 重构日志: 299405dd
// 重构日志: 3b327f3f
// 同步 ID: b04e0d9d @ Sun Jul 26 05:59:21 UTC 2026
// 同步 ID: 7a3dc79a @ Sun Jul 26 14:52:31 UTC 2026
// 同步 ID: 6ee8d00c @ Sun Jul 26 18:36:10 UTC 2026
// 重构日志: a8c1296e
// 重构日志: 2d8cad57
// 同步 ID: 2cdfb97a @ Wed Jul 29 17:07:18 UTC 2026
// 重构日志: 83f9911a
// 同步 ID: 1cdf00f5 @ Thu Jul 30 19:57:44 UTC 2026
// 同步 ID: 715be034 @ Fri Jul 31 01:50:38 UTC 2026
// 重构日志: 3c0ec092
// 重构日志: f82b64a1
// 同步 ID: 62c6a3de @ Mon Aug  3 05:38:02 UTC 2026
// 同步 ID: f2201174 @ Mon Aug  3 12:50:01 UTC 2026
